▿ Optional<URLRequest>
  ▿ some: https://api.meetup.com/find/events?extra1&key=6752511f3291b2b182ee4d2ef312
    ▿ url: Optional<URL>
      - some: https://api.meetup.com/find/events?extra1&key=6752511f3291b2b182ee4d2ef312
    - cachePolicy: 0
    - timeoutInterval: 60.0
    - mainDocumentURL: Optional<URL>.none
    - networkServiceType: NSURLRequestNetworkServiceType.NSURLRequestNetworkServiceType
    - allowsCellularAccess: true
    ▿ httpMethod: Optional<String>
      - some: "GET"
    ▿ allHTTPHeaderFields: Optional<Dictionary<String, String>>
      ▿ some: 1 key/value pair
        ▿ (2 elements)
          - key: "Accept"
          - value: "application/json"
    - httpBody: Optional<Data>.none
    - httpBodyStream: Optional<NSInputStream>.none
    - httpShouldHandleCookies: true
    - httpShouldUsePipelining: false
